[3.625s] Invoking command in 'C:\FireScout_ROS\src\firescout_robot': PIXI_PROMPT=(pixi_ros2_jazzy) PYTHONPATH=C:\FireScout_ROS\build\firescout_robot\prefix_override;C:\pixi_ws\.pixi\envs\default\Lib\site-packages\colcon_core\task\python\colcon_distutils_commands;C:\FireScout_ROS\install\firescout_robot\Lib\site-packages;%PYTHONPATH% C:\pixi_ws\.pixi\envs\default\python.exe -W ignore:setup.py install is deprecated setup.py egg_info --egg-base ..\..\build\firescout_robot build --build-base C:\FireScout_ROS\build\firescout_robot\build install --record C:\FireScout_ROS\build\firescout_robot\install.log --single-version-externally-managed install_data
[4.344s] running egg_info
[4.391s] writing ..\..\build\firescout_robot\firescout_robot.egg-info\PKG-INFO
[4.391s] writing dependency_links to ..\..\build\firescout_robot\firescout_robot.egg-info\dependency_links.txt
[4.391s] writing entry points to ..\..\build\firescout_robot\firescout_robot.egg-info\entry_points.txt
[4.391s] writing requirements to ..\..\build\firescout_robot\firescout_robot.egg-info\requires.txt
[4.391s] writing top-level names to ..\..\build\firescout_robot\firescout_robot.egg-info\top_level.txt
[4.485s] reading manifest file '..\..\build\firescout_robot\firescout_robot.egg-info\SOURCES.txt'
[4.500s] writing manifest file '..\..\build\firescout_robot\firescout_robot.egg-info\SOURCES.txt'
[4.500s] running build
[4.500s] running build_py
[4.500s] copying firescout_robot\motor_controller.py -> C:\FireScout_ROS\build\firescout_robot\build\lib\firescout_robot
[4.500s] running install
[4.500s] running install_lib
[4.547s] copying C:\FireScout_ROS\build\firescout_robot\build\lib\firescout_robot\motor_controller.py -> C:\FireScout_ROS\install\firescout_robot\Lib\site-packages\firescout_robot
[4.563s] byte-compiling C:\FireScout_ROS\install\firescout_robot\Lib\site-packages\firescout_robot\motor_controller.py to motor_controller.cpython-312.pyc
[4.579s] running install_data
[4.579s] running install_egg_info
[4.625s] removing 'C:\FireScout_ROS\install\firescout_robot\Lib\site-packages\firescout_robot-0.0.0-py3.12.egg-info' (and everything under it)
[4.625s] Copying ..\..\build\firescout_robot\firescout_robot.egg-info to C:\FireScout_ROS\install\firescout_robot\Lib\site-packages\firescout_robot-0.0.0-py3.12.egg-info
[4.657s] running install_scripts
[5.000s] Installing fire_decision-script.py script to C:\FireScout_ROS\install\firescout_robot\lib\firescout_robot
[5.016s] Installing fire_decision.exe script to C:\FireScout_ROS\install\firescout_robot\lib\firescout_robot
[5.016s] Installing motor_controller-script.py script to C:\FireScout_ROS\install\firescout_robot\lib\firescout_robot
[5.016s] Installing motor_controller.exe script to C:\FireScout_ROS\install\firescout_robot\lib\firescout_robot
[5.016s] Installing robot_controller-script.py script to C:\FireScout_ROS\install\firescout_robot\lib\firescout_robot
[5.016s] Installing robot_controller.exe script to C:\FireScout_ROS\install\firescout_robot\lib\firescout_robot
[5.016s] Installing robot_state-script.py script to C:\FireScout_ROS\install\firescout_robot\lib\firescout_robot
[5.016s] Installing robot_state.exe script to C:\FireScout_ROS\install\firescout_robot\lib\firescout_robot
[5.016s] Installing robot_status-script.py script to C:\FireScout_ROS\install\firescout_robot\lib\firescout_robot
[5.016s] Installing robot_status.exe script to C:\FireScout_ROS\install\firescout_robot\lib\firescout_robot
[5.016s] Installing sensor_simulator-script.py script to C:\FireScout_ROS\install\firescout_robot\lib\firescout_robot
[5.032s] Installing sensor_simulator.exe script to C:\FireScout_ROS\install\firescout_robot\lib\firescout_robot
[5.032s] writing list of installed files to 'C:\FireScout_ROS\build\firescout_robot\install.log'
[5.063s] Invoked command in 'C:\FireScout_ROS\src\firescout_robot' returned '0': PIXI_PROMPT=(pixi_ros2_jazzy) PYTHONPATH=C:\FireScout_ROS\build\firescout_robot\prefix_override;C:\pixi_ws\.pixi\envs\default\Lib\site-packages\colcon_core\task\python\colcon_distutils_commands;C:\FireScout_ROS\install\firescout_robot\Lib\site-packages;%PYTHONPATH% C:\pixi_ws\.pixi\envs\default\python.exe -W ignore:setup.py install is deprecated setup.py egg_info --egg-base ..\..\build\firescout_robot build --build-base C:\FireScout_ROS\build\firescout_robot\build install --record C:\FireScout_ROS\build\firescout_robot\install.log --single-version-externally-managed install_data
