[1.572s] [34mcolcon[0m [1;30mDEBUG[0m [32mCommand line arguments: ['C:\\pixi_ws\\.pixi\\envs\\default\\Scripts\\colcon', 'build', '--packages-select', 'firescout_robot'][0m
[1.573s] [34mcolcon[0m [1;30mDEBUG[0m [32mParsed command line arguments: Namespace(log_base=None, log_level=None, verb_name='build', build_base='build', install_base='install', merge_install=False, symlink_install=False, test_result_base=None, continue_on_error=False, executor='parallel', parallel_workers=12, event_handlers=None, ignore_user_meta=False, metas=['./colcon.meta'], base_paths=['.'], packages_ignore=None, packages_ignore_regex=None, paths=None, packages_up_to=None, packages_up_to_regex=None, packages_above=None, packages_above_and_dependencies=None, packages_above_depth=None, packages_select_by_dep=None, packages_skip_by_dep=None, packages_skip_up_to=None, packages_select_build_failed=False, packages_skip_build_finished=False, packages_select_test_failures=False, packages_skip_test_passed=False, packages_select=['firescout_robot'], packages_skip=None, packages_select_regex=None, packages_skip_regex=None, packages_start=None, packages_end=None, cmake_args=None, cmake_target=None, cmake_target_skip_unavailable=False, cmake_clean_cache=False, cmake_clean_first=False, cmake_force_configure=False, ament_cmake_args=None, catkin_cmake_args=None, catkin_skip_building_tests=False, mixin_files=None, mixin=None, verb_parser=<colcon_mixin.mixin.mixin_argument.MixinArgumentDecorator object at 0x00000180AC6E7AD0>, verb_extension=<colcon_core.verb.build.BuildVerb object at 0x00000180AC6C09E0>, main=<bound method BuildVerb.main of <colcon_core.verb.build.BuildVerb object at 0x00000180AC6C09E0>>, mixin_verb=('build',))[0m
[1.926s] [34mcolcon.colcon_core.package_discovery[0m [1;30mLevel 1[0m discover_packages(colcon_meta) check parameters
[1.928s] [34mcolcon.colcon_core.package_discovery[0m [1;30mLevel 1[0m discover_packages(recursive) check parameters
[1.928s] [34mcolcon.colcon_core.package_discovery[0m [1;30mLevel 1[0m discover_packages(ignore) check parameters
[1.928s] [34mcolcon.colcon_core.package_discovery[0m [1;30mLevel 1[0m discover_packages(path) check parameters
[1.928s] [34mcolcon.colcon_core.package_discovery[0m [1;30mLevel 1[0m discover_packages(colcon_meta) discover
[1.928s] [34mcolcon.colcon_core.package_discovery[0m [1;30mLevel 1[0m discover_packages(recursive) discover
[1.928s] [34mcolcon.colcon_core.package_discovery[0m [1;30mINFO[0m Crawling recursively for packages in 'C:\FireScout_ROS'
[1.929s] [34mcolcon.colcon_core.package_identification[0m [1;30mLevel 1[0m _identify(.) by extensions ['ignore', 'ignore_ament_install']
[1.930s] [34mcolcon.colcon_core.package_identification[0m [1;30mLevel 1[0m _identify(.) by extension 'ignore'
[1.930s] [34mcolcon.colcon_core.package_identification[0m [1;30mLevel 1[0m _identify(.) by extension 'ignore_ament_install'
[1.930s] [34mcolcon.colcon_core.package_identification[0m [1;30mLevel 1[0m _identify(.) by extensions ['colcon_pkg']
[1.930s] [34mcolcon.colcon_core.package_identification[0m [1;30mLevel 1[0m _identify(.) by extension 'colcon_pkg'
[1.931s] [34mcolcon.colcon_core.package_identification[0m [1;30mLevel 1[0m _identify(.) by extensions ['colcon_meta']
[1.931s] [34mcolcon.colcon_core.package_identification[0m [1;30mLevel 1[0m _identify(.) by extension 'colcon_meta'
[1.931s] [34mcolcon.colcon_core.package_identification[0m [1;30mLevel 1[0m _identify(.) by extensions ['ros']
[1.931s] [34mcolcon.colcon_core.package_identification[0m [1;30mLevel 1[0m _identify(.) by extension 'ros'
[2.055s] [34mcolcon.colcon_core.package_identification[0m [1;30mLevel 1[0m _identify(.) by extensions ['cmake', 'python']
[2.056s] [34mcolcon.colcon_core.package_identification[0m [1;30mLevel 1[0m _identify(.) by extension 'cmake'
[2.056s] [34mcolcon.colcon_core.package_identification[0m [1;30mLevel 1[0m _identify(.) by extension 'python'
[2.056s] [34mcolcon.colcon_core.package_identification[0m [1;30mLevel 1[0m _identify(.) by extensions ['python_setup_py']
[2.056s] [34mcolcon.colcon_core.package_identification[0m [1;30mLevel 1[0m _identify(.) by extension 'python_setup_py'
[2.058s] [34mcolcon.colcon_core.package_identification[0m [1;30mLevel 1[0m _identify(FireScouts) by extensions ['ignore', 'ignore_ament_install']
[2.059s] [34mcolcon.colcon_core.package_identification[0m [1;30mLevel 1[0m _identify(FireScouts) by extension 'ignore'
[2.059s] [34mcolcon.colcon_core.package_identification[0m [1;30mLevel 1[0m _identify(FireScouts) by extension 'ignore_ament_install'
[2.059s] [34mcolcon.colcon_core.package_identification[0m [1;30mLevel 1[0m _identify(FireScouts) by extensions ['colcon_pkg']
[2.060s] [34mcolcon.colcon_core.package_identification[0m [1;30mLevel 1[0m _identify(FireScouts) by extension 'colcon_pkg'
[2.060s] [34mcolcon.colcon_core.package_identification[0m [1;30mLevel 1[0m _identify(FireScouts) by extensions ['colcon_meta']
[2.060s] [34mcolcon.colcon_core.package_identification[0m [1;30mLevel 1[0m _identify(FireScouts) by extension 'colcon_meta'
[2.060s] [34mcolcon.colcon_core.package_identification[0m [1;30mLevel 1[0m _identify(FireScouts) by extensions ['ros']
[2.061s] [34mcolcon.colcon_core.package_identification[0m [1;30mLevel 1[0m _identify(FireScouts) by extension 'ros'
[2.061s] [34mcolcon.colcon_core.package_identification[0m [1;30mLevel 1[0m _identify(FireScouts) by extensions ['cmake', 'python']
[2.061s] [34mcolcon.colcon_core.package_identification[0m [1;30mLevel 1[0m _identify(FireScouts) by extension 'cmake'
[2.062s] [34mcolcon.colcon_core.package_identification[0m [1;30mLevel 1[0m _identify(FireScouts) by extension 'python'
[2.062s] [34mcolcon.colcon_core.package_identification[0m [1;30mLevel 1[0m _identify(FireScouts) by extensions ['python_setup_py']
[2.062s] [34mcolcon.colcon_core.package_identification[0m [1;30mLevel 1[0m _identify(FireScouts) by extension 'python_setup_py'
[2.063s] [34mcolcon.colcon_core.package_identification[0m [1;30mLevel 1[0m _identify(FireScouts\__pycache__) by extensions ['ignore', 'ignore_ament_install']
[2.064s] [34mcolcon.colcon_core.package_identification[0m [1;30mLevel 1[0m _identify(FireScouts\__pycache__) by extension 'ignore'
[2.064s] [34mcolcon.colcon_core.package_identification[0m [1;30mLevel 1[0m _identify(FireScouts\__pycache__) by extension 'ignore_ament_install'
[2.064s] [34mcolcon.colcon_core.package_identification[0m [1;30mLevel 1[0m _identify(FireScouts\__pycache__) by extensions ['colcon_pkg']
[2.064s] [34mcolcon.colcon_core.package_identification[0m [1;30mLevel 1[0m _identify(FireScouts\__pycache__) by extension 'colcon_pkg'
[2.065s] [34mcolcon.colcon_core.package_identification[0m [1;30mLevel 1[0m _identify(FireScouts\__pycache__) by extensions ['colcon_meta']
[2.065s] [34mcolcon.colcon_core.package_identification[0m [1;30mLevel 1[0m _identify(FireScouts\__pycache__) by extension 'colcon_meta'
[2.065s] [34mcolcon.colcon_core.package_identification[0m [1;30mLevel 1[0m _identify(FireScouts\__pycache__) by extensions ['ros']
[2.065s] [34mcolcon.colcon_core.package_identification[0m [1;30mLevel 1[0m _identify(FireScouts\__pycache__) by extension 'ros'
[2.066s] [34mcolcon.colcon_core.package_identification[0m [1;30mLevel 1[0m _identify(FireScouts\__pycache__) by extensions ['cmake', 'python']
[2.066s] [34mcolcon.colcon_core.package_identification[0m [1;30mLevel 1[0m _identify(FireScouts\__pycache__) by extension 'cmake'
[2.066s] [34mcolcon.colcon_core.package_identification[0m [1;30mLevel 1[0m _identify(FireScouts\__pycache__) by extension 'python'
[2.067s] [34mcolcon.colcon_core.package_identification[0m [1;30mLevel 1[0m _identify(FireScouts\__pycache__) by extensions ['python_setup_py']
[2.067s] [34mcolcon.colcon_core.package_identification[0m [1;30mLevel 1[0m _identify(FireScouts\__pycache__) by extension 'python_setup_py'
[2.069s] [34mcolcon.colcon_core.package_identification[0m [1;30mLevel 1[0m _identify(FireScouts\database) by extensions ['ignore', 'ignore_ament_install']
[2.069s] [34mcolcon.colcon_core.package_identification[0m [1;30mLevel 1[0m _identify(FireScouts\database) by extension 'ignore'
[2.069s] [34mcolcon.colcon_core.package_identification[0m [1;30mLevel 1[0m _identify(FireScouts\database) by extension 'ignore_ament_install'
[2.070s] [34mcolcon.colcon_core.package_identification[0m [1;30mLevel 1[0m _identify(FireScouts\database) by extensions ['colcon_pkg']
[2.070s] [34mcolcon.colcon_core.package_identification[0m [1;30mLevel 1[0m _identify(FireScouts\database) by extension 'colcon_pkg'
[2.070s] [34mcolcon.colcon_core.package_identification[0m [1;30mLevel 1[0m _identify(FireScouts\database) by extensions ['colcon_meta']
[2.070s] [34mcolcon.colcon_core.package_identification[0m [1;30mLevel 1[0m _identify(FireScouts\database) by extension 'colcon_meta'
[2.071s] [34mcolcon.colcon_core.package_identification[0m [1;30mLevel 1[0m _identify(FireScouts\database) by extensions ['ros']
[2.071s] [34mcolcon.colcon_core.package_identification[0m [1;30mLevel 1[0m _identify(FireScouts\database) by extension 'ros'
[2.071s] [34mcolcon.colcon_core.package_identification[0m [1;30mLevel 1[0m _identify(FireScouts\database) by extensions ['cmake', 'python']
[2.071s] [34mcolcon.colcon_core.package_identification[0m [1;30mLevel 1[0m _identify(FireScouts\database) by extension 'cmake'
[2.072s] [34mcolcon.colcon_core.package_identification[0m [1;30mLevel 1[0m _identify(FireScouts\database) by extension 'python'
[2.072s] [34mcolcon.colcon_core.package_identification[0m [1;30mLevel 1[0m _identify(FireScouts\database) by extensions ['python_setup_py']
[2.072s] [34mcolcon.colcon_core.package_identification[0m [1;30mLevel 1[0m _identify(FireScouts\database) by extension 'python_setup_py'
[2.073s] [34mcolcon.colcon_core.package_identification[0m [1;30mLevel 1[0m _identify(FireScouts\routes) by extensions ['ignore', 'ignore_ament_install']
[2.073s] [34mcolcon.colcon_core.package_identification[0m [1;30mLevel 1[0m _identify(FireScouts\routes) by extension 'ignore'
[2.074s] [34mcolcon.colcon_core.package_identification[0m [1;30mLevel 1[0m _identify(FireScouts\routes) by extension 'ignore_ament_install'
[2.074s] [34mcolcon.colcon_core.package_identification[0m [1;30mLevel 1[0m _identify(FireScouts\routes) by extensions ['colcon_pkg']
[2.074s] [34mcolcon.colcon_core.package_identification[0m [1;30mLevel 1[0m _identify(FireScouts\routes) by extension 'colcon_pkg'
[2.074s] [34mcolcon.colcon_core.package_identification[0m [1;30mLevel 1[0m _identify(FireScouts\routes) by extensions ['colcon_meta']
[2.074s] [34mcolcon.colcon_core.package_identification[0m [1;30mLevel 1[0m _identify(FireScouts\routes) by extension 'colcon_meta'
[2.075s] [34mcolcon.colcon_core.package_identification[0m [1;30mLevel 1[0m _identify(FireScouts\routes) by extensions ['ros']
[2.075s] [34mcolcon.colcon_core.package_identification[0m [1;30mLevel 1[0m _identify(FireScouts\routes) by extension 'ros'
[2.076s] [34mcolcon.colcon_core.package_identification[0m [1;30mLevel 1[0m _identify(FireScouts\routes) by extensions ['cmake', 'python']
[2.076s] [34mcolcon.colcon_core.package_identification[0m [1;30mLevel 1[0m _identify(FireScouts\routes) by extension 'cmake'
[2.076s] [34mcolcon.colcon_core.package_identification[0m [1;30mLevel 1[0m _identify(FireScouts\routes) by extension 'python'
[2.076s] [34mcolcon.colcon_core.package_identification[0m [1;30mLevel 1[0m _identify(FireScouts\routes) by extensions ['python_setup_py']
[2.076s] [34mcolcon.colcon_core.package_identification[0m [1;30mLevel 1[0m _identify(FireScouts\routes) by extension 'python_setup_py'
[2.078s] [34mcolcon.colcon_core.package_identification[0m [1;30mLevel 1[0m _identify(FireScouts\routes\__pycache__) by extensions ['ignore', 'ignore_ament_install']
[2.078s] [34mcolcon.colcon_core.package_identification[0m [1;30mLevel 1[0m _identify(FireScouts\routes\__pycache__) by extension 'ignore'
[2.079s] [34mcolcon.colcon_core.package_identification[0m [1;30mLevel 1[0m _identify(FireScouts\routes\__pycache__) by extension 'ignore_ament_install'
[2.079s] [34mcolcon.colcon_core.package_identification[0m [1;30mLevel 1[0m _identify(FireScouts\routes\__pycache__) by extensions ['colcon_pkg']
[2.079s] [34mcolcon.colcon_core.package_identification[0m [1;30mLevel 1[0m _identify(FireScouts\routes\__pycache__) by extension 'colcon_pkg'
[2.079s] [34mcolcon.colcon_core.package_identification[0m [1;30mLevel 1[0m _identify(FireScouts\routes\__pycache__) by extensions ['colcon_meta']
[2.080s] [34mcolcon.colcon_core.package_identification[0m [1;30mLevel 1[0m _identify(FireScouts\routes\__pycache__) by extension 'colcon_meta'
[2.080s] [34mcolcon.colcon_core.package_identification[0m [1;30mLevel 1[0m _identify(FireScouts\routes\__pycache__) by extensions ['ros']
[2.080s] [34mcolcon.colcon_core.package_identification[0m [1;30mLevel 1[0m _identify(FireScouts\routes\__pycache__) by extension 'ros'
[2.081s] [34mcolcon.colcon_core.package_identification[0m [1;30mLevel 1[0m _identify(FireScouts\routes\__pycache__) by extensions ['cmake', 'python']
[2.081s] [34mcolcon.colcon_core.package_identification[0m [1;30mLevel 1[0m _identify(FireScouts\routes\__pycache__) by extension 'cmake'
[2.082s] [34mcolcon.colcon_core.package_identification[0m [1;30mLevel 1[0m _identify(FireScouts\routes\__pycache__) by extension 'python'
[2.082s] [34mcolcon.colcon_core.package_identification[0m [1;30mLevel 1[0m _identify(FireScouts\routes\__pycache__) by extensions ['python_setup_py']
[2.082s] [34mcolcon.colcon_core.package_identification[0m [1;30mLevel 1[0m _identify(FireScouts\routes\__pycache__) by extension 'python_setup_py'
[2.083s] [34mcolcon.colcon_core.package_identification[0m [1;30mLevel 1[0m _identify(FireScouts\static) by extensions ['ignore', 'ignore_ament_install']
[2.083s] [34mcolcon.colcon_core.package_identification[0m [1;30mLevel 1[0m _identify(FireScouts\static) by extension 'ignore'
[2.084s] [34mcolcon.colcon_core.package_identification[0m [1;30mLevel 1[0m _identify(FireScouts\static) by extension 'ignore_ament_install'
[2.084s] [34mcolcon.colcon_core.package_identification[0m [1;30mLevel 1[0m _identify(FireScouts\static) by extensions ['colcon_pkg']
[2.084s] [34mcolcon.colcon_core.package_identification[0m [1;30mLevel 1[0m _identify(FireScouts\static) by extension 'colcon_pkg'
[2.084s] [34mcolcon.colcon_core.package_identification[0m [1;30mLevel 1[0m _identify(FireScouts\static) by extensions ['colcon_meta']
[2.084s] [34mcolcon.colcon_core.package_identification[0m [1;30mLevel 1[0m _identify(FireScouts\static) by extension 'colcon_meta'
[2.085s] [34mcolcon.colcon_core.package_identification[0m [1;30mLevel 1[0m _identify(FireScouts\static) by extensions ['ros']
[2.085s] [34mcolcon.colcon_core.package_identification[0m [1;30mLevel 1[0m _identify(FireScouts\static) by extension 'ros'
[2.085s] [34mcolcon.colcon_core.package_identification[0m [1;30mLevel 1[0m _identify(FireScouts\static) by extensions ['cmake', 'python']
[2.086s] [34mcolcon.colcon_core.package_identification[0m [1;30mLevel 1[0m _identify(FireScouts\static) by extension 'cmake'
[2.086s] [34mcolcon.colcon_core.package_identification[0m [1;30mLevel 1[0m _identify(FireScouts\static) by extension 'python'
[2.086s] [34mcolcon.colcon_core.package_identification[0m [1;30mLevel 1[0m _identify(FireScouts\static) by extensions ['python_setup_py']
[2.086s] [34mcolcon.colcon_core.package_identification[0m [1;30mLevel 1[0m _identify(FireScouts\static) by extension 'python_setup_py'
[2.087s] [34mcolcon.colcon_core.package_identification[0m [1;30mLevel 1[0m _identify(FireScouts\static\css) by extensions ['ignore', 'ignore_ament_install']
[2.087s] [34mcolcon.colcon_core.package_identification[0m [1;30mLevel 1[0m _identify(FireScouts\static\css) by extension 'ignore'
[2.088s] [34mcolcon.colcon_core.package_identification[0m [1;30mLevel 1[0m _identify(FireScouts\static\css) by extension 'ignore_ament_install'
[2.088s] [34mcolcon.colcon_core.package_identification[0m [1;30mLevel 1[0m _identify(FireScouts\static\css) by extensions ['colcon_pkg']
[2.088s] [34mcolcon.colcon_core.package_identification[0m [1;30mLevel 1[0m _identify(FireScouts\static\css) by extension 'colcon_pkg'
[2.088s] [34mcolcon.colcon_core.package_identification[0m [1;30mLevel 1[0m _identify(FireScouts\static\css) by extensions ['colcon_meta']
[2.088s] [34mcolcon.colcon_core.package_identification[0m [1;30mLevel 1[0m _identify(FireScouts\static\css) by extension 'colcon_meta'
[2.089s] [34mcolcon.colcon_core.package_identification[0m [1;30mLevel 1[0m _identify(FireScouts\static\css) by extensions ['ros']
[2.089s] [34mcolcon.colcon_core.package_identification[0m [1;30mLevel 1[0m _identify(FireScouts\static\css) by extension 'ros'
[2.090s] [34mcolcon.colcon_core.package_identification[0m [1;30mLevel 1[0m _identify(FireScouts\static\css) by extensions ['cmake', 'python']
[2.090s] [34mcolcon.colcon_core.package_identification[0m [1;30mLevel 1[0m _identify(FireScouts\static\css) by extension 'cmake'
[2.090s] [34mcolcon.colcon_core.package_identification[0m [1;30mLevel 1[0m _identify(FireScouts\static\css) by extension 'python'
[2.090s] [34mcolcon.colcon_core.package_identification[0m [1;30mLevel 1[0m _identify(FireScouts\static\css) by extensions ['python_setup_py']
[2.090s] [34mcolcon.colcon_core.package_identification[0m [1;30mLevel 1[0m _identify(FireScouts\static\css) by extension 'python_setup_py'
[2.091s] [34mcolcon.colcon_core.package_identification[0m [1;30mLevel 1[0m _identify(FireScouts\static\js) by extensions ['ignore', 'ignore_ament_install']
[2.092s] [34mcolcon.colcon_core.package_identification[0m [1;30mLevel 1[0m _identify(FireScouts\static\js) by extension 'ignore'
[2.092s] [34mcolcon.colcon_core.package_identification[0m [1;30mLevel 1[0m _identify(FireScouts\static\js) by extension 'ignore_ament_install'
[2.093s] [34mcolcon.colcon_core.package_identification[0m [1;30mLevel 1[0m _identify(FireScouts\static\js) by extensions ['colcon_pkg']
[2.093s] [34mcolcon.colcon_core.package_identification[0m [1;30mLevel 1[0m _identify(FireScouts\static\js) by extension 'colcon_pkg'
[2.093s] [34mcolcon.colcon_core.package_identification[0m [1;30mLevel 1[0m _identify(FireScouts\static\js) by extensions ['colcon_meta']
[2.093s] [34mcolcon.colcon_core.package_identification[0m [1;30mLevel 1[0m _identify(FireScouts\static\js) by extension 'colcon_meta'
[2.093s] [34mcolcon.colcon_core.package_identification[0m [1;30mLevel 1[0m _identify(FireScouts\static\js) by extensions ['ros']
[2.095s] [34mcolcon.colcon_core.package_identification[0m [1;30mLevel 1[0m _identify(FireScouts\static\js) by extension 'ros'
[2.095s] [34mcolcon.colcon_core.package_identification[0m [1;30mLevel 1[0m _identify(FireScouts\static\js) by extensions ['cmake', 'python']
[2.095s] [34mcolcon.colcon_core.package_identification[0m [1;30mLevel 1[0m _identify(FireScouts\static\js) by extension 'cmake'
[2.095s] [34mcolcon.colcon_core.package_identification[0m [1;30mLevel 1[0m _identify(FireScouts\static\js) by extension 'python'
[2.096s] [34mcolcon.colcon_core.package_identification[0m [1;30mLevel 1[0m _identify(FireScouts\static\js) by extensions ['python_setup_py']
[2.096s] [34mcolcon.colcon_core.package_identification[0m [1;30mLevel 1[0m _identify(FireScouts\static\js) by extension 'python_setup_py'
[2.098s] [34mcolcon.colcon_core.package_identification[0m [1;30mLevel 1[0m _identify(FireScouts\templates) by extensions ['ignore', 'ignore_ament_install']
[2.098s] [34mcolcon.colcon_core.package_identification[0m [1;30mLevel 1[0m _identify(FireScouts\templates) by extension 'ignore'
[2.098s] [34mcolcon.colcon_core.package_identification[0m [1;30mLevel 1[0m _identify(FireScouts\templates) by extension 'ignore_ament_install'
[2.099s] [34mcolcon.colcon_core.package_identification[0m [1;30mLevel 1[0m _identify(FireScouts\templates) by extensions ['colcon_pkg']
[2.099s] [34mcolcon.colcon_core.package_identification[0m [1;30mLevel 1[0m _identify(FireScouts\templates) by extension 'colcon_pkg'
[2.099s] [34mcolcon.colcon_core.package_identification[0m [1;30mLevel 1[0m _identify(FireScouts\templates) by extensions ['colcon_meta']
[2.099s] [34mcolcon.colcon_core.package_identification[0m [1;30mLevel 1[0m _identify(FireScouts\templates) by extension 'colcon_meta'
[2.100s] [34mcolcon.colcon_core.package_identification[0m [1;30mLevel 1[0m _identify(FireScouts\templates) by extensions ['ros']
[2.100s] [34mcolcon.colcon_core.package_identification[0m [1;30mLevel 1[0m _identify(FireScouts\templates) by extension 'ros'
[2.100s] [34mcolcon.colcon_core.package_identification[0m [1;30mLevel 1[0m _identify(FireScouts\templates) by extensions ['cmake', 'python']
[2.101s] [34mcolcon.colcon_core.package_identification[0m [1;30mLevel 1[0m _identify(FireScouts\templates) by extension 'cmake'
[2.101s] [34mcolcon.colcon_core.package_identification[0m [1;30mLevel 1[0m _identify(FireScouts\templates) by extension 'python'
[2.101s] [34mcolcon.colcon_core.package_identification[0m [1;30mLevel 1[0m _identify(FireScouts\templates) by extensions ['python_setup_py']
[2.101s] [34mcolcon.colcon_core.package_identification[0m [1;30mLevel 1[0m _identify(FireScouts\templates) by extension 'python_setup_py'
[2.102s] [34mcolcon.colcon_core.package_identification[0m [1;30mLevel 1[0m _identify(build) by extensions ['ignore', 'ignore_ament_install']
[2.102s] [34mcolcon.colcon_core.package_identification[0m [1;30mLevel 1[0m _identify(build) by extension 'ignore'
[2.102s] [34mcolcon.colcon_core.package_identification[0m [1;30mLevel 1[0m _identify(build) ignored
[2.103s] [34mcolcon.colcon_core.package_identification[0m [1;30mLevel 1[0m _identify(install) by extensions ['ignore', 'ignore_ament_install']
[2.103s] [34mcolcon.colcon_core.package_identification[0m [1;30mLevel 1[0m _identify(install) by extension 'ignore'
[2.104s] [34mcolcon.colcon_core.package_identification[0m [1;30mLevel 1[0m _identify(install) ignored
[2.105s] [34mcolcon.colcon_core.package_identification[0m [1;30mLevel 1[0m _identify(log) by extensions ['ignore', 'ignore_ament_install']
[2.105s] [34mcolcon.colcon_core.package_identification[0m [1;30mLevel 1[0m _identify(log) by extension 'ignore'
[2.105s] [34mcolcon.colcon_core.package_identification[0m [1;30mLevel 1[0m _identify(log) ignored
[2.107s] [34mcolcon.colcon_core.package_identification[0m [1;30mLevel 1[0m _identify(models) by extensions ['ignore', 'ignore_ament_install']
[2.108s] [34mcolcon.colcon_core.package_identification[0m [1;30mLevel 1[0m _identify(models) by extension 'ignore'
[2.108s] [34mcolcon.colcon_core.package_identification[0m [1;30mLevel 1[0m _identify(models) by extension 'ignore_ament_install'
[2.108s] [34mcolcon.colcon_core.package_identification[0m [1;30mLevel 1[0m _identify(models) by extensions ['colcon_pkg']
[2.108s] [34mcolcon.colcon_core.package_identification[0m [1;30mLevel 1[0m _identify(models) by extension 'colcon_pkg'
[2.109s] [34mcolcon.colcon_core.package_identification[0m [1;30mLevel 1[0m _identify(models) by extensions ['colcon_meta']
[2.109s] [34mcolcon.colcon_core.package_identification[0m [1;30mLevel 1[0m _identify(models) by extension 'colcon_meta'
[2.109s] [34mcolcon.colcon_core.package_identification[0m [1;30mLevel 1[0m _identify(models) by extensions ['ros']
[2.109s] [34mcolcon.colcon_core.package_identification[0m [1;30mLevel 1[0m _identify(models) by extension 'ros'
[2.110s] [34mcolcon.colcon_core.package_identification[0m [1;30mLevel 1[0m _identify(models) by extensions ['cmake', 'python']
[2.110s] [34mcolcon.colcon_core.package_identification[0m [1;30mLevel 1[0m _identify(models) by extension 'cmake'
[2.110s] [34mcolcon.colcon_core.package_identification[0m [1;30mLevel 1[0m _identify(models) by extension 'python'
[2.110s] [34mcolcon.colcon_core.package_identification[0m [1;30mLevel 1[0m _identify(models) by extensions ['python_setup_py']
[2.110s] [34mcolcon.colcon_core.package_identification[0m [1;30mLevel 1[0m _identify(models) by extension 'python_setup_py'
[2.111s] [34mcolcon.colcon_core.package_identification[0m [1;30mLevel 1[0m _identify(src) by extensions ['ignore', 'ignore_ament_install']
[2.112s] [34mcolcon.colcon_core.package_identification[0m [1;30mLevel 1[0m _identify(src) by extension 'ignore'
[2.112s] [34mcolcon.colcon_core.package_identification[0m [1;30mLevel 1[0m _identify(src) by extension 'ignore_ament_install'
[2.112s] [34mcolcon.colcon_core.package_identification[0m [1;30mLevel 1[0m _identify(src) by extensions ['colcon_pkg']
[2.112s] [34mcolcon.colcon_core.package_identification[0m [1;30mLevel 1[0m _identify(src) by extension 'colcon_pkg'
[2.112s] [34mcolcon.colcon_core.package_identification[0m [1;30mLevel 1[0m _identify(src) by extensions ['colcon_meta']
[2.113s] [34mcolcon.colcon_core.package_identification[0m [1;30mLevel 1[0m _identify(src) by extension 'colcon_meta'
[2.113s] [34mcolcon.colcon_core.package_identification[0m [1;30mLevel 1[0m _identify(src) by extensions ['ros']
[2.113s] [34mcolcon.colcon_core.package_identification[0m [1;30mLevel 1[0m _identify(src) by extension 'ros'
[2.114s] [34mcolcon.colcon_core.package_identification[0m [1;30mLevel 1[0m _identify(src) by extensions ['cmake', 'python']
[2.114s] [34mcolcon.colcon_core.package_identification[0m [1;30mLevel 1[0m _identify(src) by extension 'cmake'
[2.114s] [34mcolcon.colcon_core.package_identification[0m [1;30mLevel 1[0m _identify(src) by extension 'python'
[2.114s] [34mcolcon.colcon_core.package_identification[0m [1;30mLevel 1[0m _identify(src) by extensions ['python_setup_py']
[2.114s] [34mcolcon.colcon_core.package_identification[0m [1;30mLevel 1[0m _identify(src) by extension 'python_setup_py'
[2.115s] [34mcolcon.colcon_core.package_identification[0m [1;30mLevel 1[0m _identify(src\firescout_robot) by extensions ['ignore', 'ignore_ament_install']
[2.115s] [34mcolcon.colcon_core.package_identification[0m [1;30mLevel 1[0m _identify(src\firescout_robot) by extension 'ignore'
[2.116s] [34mcolcon.colcon_core.package_identification[0m [1;30mLevel 1[0m _identify(src\firescout_robot) by extension 'ignore_ament_install'
[2.116s] [34mcolcon.colcon_core.package_identification[0m [1;30mLevel 1[0m _identify(src\firescout_robot) by extensions ['colcon_pkg']
[2.116s] [34mcolcon.colcon_core.package_identification[0m [1;30mLevel 1[0m _identify(src\firescout_robot) by extension 'colcon_pkg'
[2.116s] [34mcolcon.colcon_core.package_identification[0m [1;30mLevel 1[0m _identify(src\firescout_robot) by extensions ['colcon_meta']
[2.116s] [34mcolcon.colcon_core.package_identification[0m [1;30mLevel 1[0m _identify(src\firescout_robot) by extension 'colcon_meta'
[2.117s] [34mcolcon.colcon_core.package_identification[0m [1;30mLevel 1[0m _identify(src\firescout_robot) by extensions ['ros']
[2.117s] [34mcolcon.colcon_core.package_identification[0m [1;30mLevel 1[0m _identify(src\firescout_robot) by extension 'ros'
[2.133s] [34mcolcon.colcon_core.package_identification[0m [1;30mDEBUG[0m [32mPackage 'src\firescout_robot' with type 'ros.ament_python' and name 'firescout_robot'[0m
[2.133s] [34mcolcon.colcon_core.package_discovery[0m [1;30mLevel 1[0m discover_packages(recursive) using defaults
[2.134s] [34mcolcon.colcon_core.package_discovery[0m [1;30mLevel 1[0m discover_packages(ignore) discover
[2.134s] [34mcolcon.colcon_core.package_discovery[0m [1;30mLevel 1[0m discover_packages(ignore) using defaults
[2.134s] [34mcolcon.colcon_core.package_discovery[0m [1;30mLevel 1[0m discover_packages(path) discover
[2.134s] [34mcolcon.colcon_core.package_discovery[0m [1;30mLevel 1[0m discover_packages(path) using defaults
[2.282s] [34mcolcon.colcon_core.verb[0m [1;30mLevel 5[0m set package 'firescout_robot' build argument 'cmake_args' from command line to 'None'
[2.282s] [34mcolcon.colcon_core.verb[0m [1;30mLevel 5[0m set package 'firescout_robot' build argument 'cmake_target' from command line to 'None'
[2.282s] [34mcolcon.colcon_core.verb[0m [1;30mLevel 5[0m set package 'firescout_robot' build argument 'cmake_target_skip_unavailable' from command line to 'False'
[2.283s] [34mcolcon.colcon_core.verb[0m [1;30mLevel 5[0m set package 'firescout_robot' build argument 'cmake_clean_cache' from command line to 'False'
[2.283s] [34mcolcon.colcon_core.verb[0m [1;30mLevel 5[0m set package 'firescout_robot' build argument 'cmake_clean_first' from command line to 'False'
[2.283s] [34mcolcon.colcon_core.verb[0m [1;30mLevel 5[0m set package 'firescout_robot' build argument 'cmake_force_configure' from command line to 'False'
[2.283s] [34mcolcon.colcon_core.verb[0m [1;30mLevel 5[0m set package 'firescout_robot' build argument 'ament_cmake_args' from command line to 'None'
[2.283s] [34mcolcon.colcon_core.verb[0m [1;30mLevel 5[0m set package 'firescout_robot' build argument 'catkin_cmake_args' from command line to 'None'
[2.283s] [34mcolcon.colcon_core.verb[0m [1;30mLevel 5[0m set package 'firescout_robot' build argument 'catkin_skip_building_tests' from command line to 'False'
[2.283s] [34mcolcon.colcon_core.verb[0m [1;30mDEBUG[0m [32mBuilding package 'firescout_robot' with the following arguments: {'ament_cmake_args': None, 'build_base': 'C:\\FireScout_ROS\\build\\firescout_robot', 'catkin_cmake_args': None, 'catkin_skip_building_tests': False, 'cmake_args': None, 'cmake_clean_cache': False, 'cmake_clean_first': False, 'cmake_force_configure': False, 'cmake_target': None, 'cmake_target_skip_unavailable': False, 'install_base': 'C:\\FireScout_ROS\\install\\firescout_robot', 'merge_install': False, 'path': 'C:\\FireScout_ROS\\src\\firescout_robot', 'symlink_install': False, 'test_result_base': None}[0m
[2.283s] [34mcolcon.colcon_core.executor[0m [1;30mINFO[0m Executing jobs using 'parallel' executor
[2.286s] [34mcolcon.colcon_parallel_executor.executor.parallel[0m [1;30mDEBUG[0m [32mrun_until_complete[0m
[2.287s] [34mcolcon.colcon_ros.task.ament_python.build[0m [1;30mINFO[0m Building ROS package in 'C:\FireScout_ROS\src\firescout_robot' with build type 'ament_python'
[2.287s] [34mcolcon.colcon_core.shell[0m [1;30mLevel 1[0m create_environment_hook('firescout_robot', 'ament_prefix_path')
[2.296s] [34mcolcon.colcon_core.plugin_system[0m [1;30mINFO[0m Skipping extension 'colcon_core.shell.sh': Not used on Windows systems
[2.296s] [34mcolcon.colcon_core.shell[0m [1;30mINFO[0m Creating environment hook 'C:\FireScout_ROS\install\firescout_robot\share\firescout_robot\hook\ament_prefix_path.ps1'
[2.299s] [34mcolcon.colcon_core.shell[0m [1;30mINFO[0m Creating environment hook 'C:\FireScout_ROS\install\firescout_robot\share\firescout_robot\hook\ament_prefix_path.bat'
[2.304s] [34mcolcon.colcon_core.shell[0m [1;30mINFO[0m Creating environment descriptor 'C:\FireScout_ROS\install\firescout_robot\share\firescout_robot\hook\ament_prefix_path.dsv'
[2.307s] [34mcolcon.colcon_ros_domain_id_coordinator.shell.ros_domain_id[0m [1;30mDEBUG[0m [32mAllocated ROS_DOMAIN_ID=99 for 'C:\FireScout_ROS\build\firescout_robot'[0m
[2.307s] [34mcolcon.colcon_core.shell[0m [1;30mINFO[0m Skip shell extension 'ros_domain_id' for command environment: 
[2.307s] [34mcolcon.colcon_core.shell[0m [1;30mINFO[0m Skip shell extension 'powershell' for command environment: Not usable outside of PowerShell
[3.965s] [34mcolcon.colcon_core.task.python.build[0m [1;30mINFO[0m Building Python package in 'C:\FireScout_ROS\src\firescout_robot'
[3.965s] [34mcolcon.colcon_ros_domain_id_coordinator.shell.ros_domain_id[0m [1;30mDEBUG[0m [32mAllocated ROS_DOMAIN_ID=99 for 'C:\FireScout_ROS\build\firescout_robot'[0m
[3.965s] [34mcolcon.colcon_core.shell[0m [1;30mINFO[0m Skip shell extension 'ros_domain_id' for command environment: 
[3.965s] [34mcolcon.colcon_core.shell[0m [1;30mINFO[0m Skip shell extension 'powershell' for command environment: Not usable outside of PowerShell
[7.883s] [34mcolcon.colcon_core.event_handler.log_command[0m [1;30mDEBUG[0m [32mInvoking command in 'C:\FireScout_ROS\src\firescout_robot': PIXI_PROMPT=(pixi_ros2_jazzy) PYTHONPATH=C:\FireScout_ROS\build\firescout_robot\prefix_override;C:\pixi_ws\.pixi\envs\default\Lib\site-packages\colcon_core\task\python\colcon_distutils_commands;C:\FireScout_ROS\install\firescout_robot\Lib\site-packages;%PYTHONPATH% C:\pixi_ws\.pixi\envs\default\python.exe -W ignore:setup.py install is deprecated setup.py egg_info --egg-base ..\..\build\firescout_robot build --build-base C:\FireScout_ROS\build\firescout_robot\build install --record C:\FireScout_ROS\build\firescout_robot\install.log --single-version-externally-managed install_data[0m
[11.275s] [34mcolcon.colcon_core.event_handler.log_command[0m [1;30mDEBUG[0m [32mInvoked command in 'C:\FireScout_ROS\src\firescout_robot' returned '0': PIXI_PROMPT=(pixi_ros2_jazzy) PYTHONPATH=C:\FireScout_ROS\build\firescout_robot\prefix_override;C:\pixi_ws\.pixi\envs\default\Lib\site-packages\colcon_core\task\python\colcon_distutils_commands;C:\FireScout_ROS\install\firescout_robot\Lib\site-packages;%PYTHONPATH% C:\pixi_ws\.pixi\envs\default\python.exe -W ignore:setup.py install is deprecated setup.py egg_info --egg-base ..\..\build\firescout_robot build --build-base C:\FireScout_ROS\build\firescout_robot\build install --record C:\FireScout_ROS\build\firescout_robot\install.log --single-version-externally-managed install_data[0m
[11.303s] [34mcolcon.colcon_core.environment[0m [1;30mLevel 1[0m checking 'C:\FireScout_ROS\install\firescout_robot' for CMake module files
[11.309s] [34mcolcon.colcon_core.environment[0m [1;30mLevel 1[0m checking 'C:\FireScout_ROS\install\firescout_robot' for CMake config files
[11.313s] [34mcolcon.colcon_core.environment[0m [1;30mLevel 1[0m checking 'C:\FireScout_ROS\install\firescout_robot\bin'
[11.314s] [34mcolcon.colcon_core.environment[0m [1;30mLevel 1[0m checking 'C:\FireScout_ROS\install\firescout_robot\bin'
[11.314s] [34mcolcon.colcon_core.environment[0m [1;30mLevel 1[0m checking 'C:\FireScout_ROS\install\firescout_robot\lib\pkgconfig\firescout_robot.pc'
[11.314s] [34mcolcon.colcon_core.environment[0m [1;30mLevel 1[0m checking 'C:\FireScout_ROS\install\firescout_robot\Lib\site-packages'
[11.315s] [34mcolcon.colcon_core.shell[0m [1;30mLevel 1[0m create_environment_hook('firescout_robot', 'pythonpath')
[11.315s] [34mcolcon.colcon_core.shell[0m [1;30mINFO[0m Creating environment hook 'C:\FireScout_ROS\install\firescout_robot\share\firescout_robot\hook\pythonpath.ps1'
[11.317s] [34mcolcon.colcon_core.shell[0m [1;30mINFO[0m Creating environment hook 'C:\FireScout_ROS\install\firescout_robot\share\firescout_robot\hook\pythonpath.bat'
[11.320s] [34mcolcon.colcon_core.shell[0m [1;30mINFO[0m Creating environment descriptor 'C:\FireScout_ROS\install\firescout_robot\share\firescout_robot\hook\pythonpath.dsv'
[11.322s] [34mcolcon.colcon_core.environment[0m [1;30mLevel 1[0m checking 'C:\FireScout_ROS\install\firescout_robot\Scripts'
[11.322s] [34mcolcon.colcon_core.environment[0m [1;30mLevel 1[0m create_environment_scripts_only(firescout_robot)
[11.323s] [34mcolcon.colcon_core.shell[0m [1;30mINFO[0m Creating package script 'C:\FireScout_ROS\install\firescout_robot\share\firescout_robot\package.ps1'
[11.326s] [34mcolcon.colcon_core.shell[0m [1;30mINFO[0m Creating package script 'C:\FireScout_ROS\install\firescout_robot\share\firescout_robot\package.bat'
[11.330s] [34mcolcon.colcon_core.shell[0m [1;30mINFO[0m Creating package descriptor 'C:\FireScout_ROS\install\firescout_robot\share\firescout_robot\package.dsv'
[11.332s] [34mcolcon.colcon_core.environment[0m [1;30mLevel 1[0m create_file_with_runtime_dependencies(C:\FireScout_ROS\install\firescout_robot\share\colcon-core\packages\firescout_robot)
[11.335s] [34mcolcon.colcon_parallel_executor.executor.parallel[0m [1;30mDEBUG[0m [32mrun_until_complete finished with '0'[0m
[11.335s] [34mcolcon.colcon_core.event_reactor[0m [1;30mDEBUG[0m [32mjoining thread[0m
[11.335s] [34mcolcon.colcon_ros_domain_id_coordinator.shell.ros_domain_id[0m [1;30mDEBUG[0m [32mReleased ROS_DOMAIN_ID=99 for 'C:\FireScout_ROS\build\firescout_robot'[0m
[11.339s] [34mcolcon.colcon_core.event_reactor[0m [1;30mDEBUG[0m [32mjoined thread[0m
[11.340s] [34mcolcon.colcon_core.shell[0m [1;30mINFO[0m Creating prefix script 'C:\FireScout_ROS\install\local_setup.ps1'
[11.344s] [34mcolcon.colcon_core.shell[0m [1;30mINFO[0m Creating prefix util module 'C:\FireScout_ROS\install\_local_setup_util_ps1.py'
[11.349s] [34mcolcon.colcon_core.shell[0m [1;30mINFO[0m Creating prefix chain script 'C:\FireScout_ROS\install\setup.ps1'
[11.354s] [34mcolcon.colcon_core.shell[0m [1;30mINFO[0m Creating prefix script 'C:\FireScout_ROS\install\local_setup.bat'
[11.357s] [34mcolcon.colcon_core.shell[0m [1;30mINFO[0m Creating prefix util module 'C:\FireScout_ROS\install\_local_setup_util_bat.py'
[11.360s] [34mcolcon.colcon_core.shell[0m [1;30mINFO[0m Creating prefix chain script 'C:\FireScout_ROS\install\setup.bat'
