running egg_info
writing ..\..\build\firescout_robot\firescout_robot.egg-info\PKG-INFO
writing dependency_links to ..\..\build\firescout_robot\firescout_robot.egg-info\dependency_links.txt
writing entry points to ..\..\build\firescout_robot\firescout_robot.egg-info\entry_points.txt
writing requirements to ..\..\build\firescout_robot\firescout_robot.egg-info\requires.txt
writing top-level names to ..\..\build\firescout_robot\firescout_robot.egg-info\top_level.txt
reading manifest file '..\..\build\firescout_robot\firescout_robot.egg-info\SOURCES.txt'
writing manifest file '..\..\build\firescout_robot\firescout_robot.egg-info\SOURCES.txt'
running build
running build_py
copying firescout_robot\web_bridge.py -> C:\FireScout_ROS\build\firescout_robot\build\lib\firescout_robot
running install
running install_lib
copying C:\FireScout_ROS\build\firescout_robot\build\lib\firescout_robot\web_bridge.py -> C:\FireScout_ROS\install\firescout_robot\Lib\site-packages\firescout_robot
byte-compiling C:\FireScout_ROS\install\firescout_robot\Lib\site-packages\firescout_robot\web_bridge.py to web_bridge.cpython-312.pyc
running install_data
running install_egg_info
removing 'C:\FireScout_ROS\install\firescout_robot\Lib\site-packages\firescout_robot-0.0.0-py3.12.egg-info' (and everything under it)
Copying ..\..\build\firescout_robot\firescout_robot.egg-info to C:\FireScout_ROS\install\firescout_robot\Lib\site-packages\firescout_robot-0.0.0-py3.12.egg-info
running install_scripts
Installing arduino_bridge-script.py script to C:\FireScout_ROS\install\firescout_robot\lib\firescout_robot
Installing arduino_bridge.exe script to C:\FireScout_ROS\install\firescout_robot\lib\firescout_robot
Installing fire_decision-script.py script to C:\FireScout_ROS\install\firescout_robot\lib\firescout_robot
Installing fire_decision.exe script to C:\FireScout_ROS\install\firescout_robot\lib\firescout_robot
Installing motor_controller-script.py script to C:\FireScout_ROS\install\firescout_robot\lib\firescout_robot
Installing motor_controller.exe script to C:\FireScout_ROS\install\firescout_robot\lib\firescout_robot
Installing robot_controller-script.py script to C:\FireScout_ROS\install\firescout_robot\lib\firescout_robot
Installing robot_controller.exe script to C:\FireScout_ROS\install\firescout_robot\lib\firescout_robot
Installing robot_state-script.py script to C:\FireScout_ROS\install\firescout_robot\lib\firescout_robot
Installing robot_state.exe script to C:\FireScout_ROS\install\firescout_robot\lib\firescout_robot
Installing robot_status-script.py script to C:\FireScout_ROS\install\firescout_robot\lib\firescout_robot
Installing robot_status.exe script to C:\FireScout_ROS\install\firescout_robot\lib\firescout_robot
Installing sensor_simulator-script.py script to C:\FireScout_ROS\install\firescout_robot\lib\firescout_robot
Installing sensor_simulator.exe script to C:\FireScout_ROS\install\firescout_robot\lib\firescout_robot
error: [Errno 13] Permission denied: 'C:\\FireScout_ROS\\install\\firescout_robot\\lib\\firescout_robot\\sensor_simulator.exe'
