[8.391s] Invoking command in 'C:\FireScout_ROS\src\firescout_robot': PIXI_PROMPT=(pixi_ros2_jazzy) PYTHONPATH=C:\FireScout_ROS\build\firescout_robot\prefix_override;C:\pixi_ws\.pixi\envs\default\Lib\site-packages\colcon_core\task\python\colcon_distutils_commands;C:\FireScout_ROS\install\firescout_robot\Lib\site-packages;%PYTHONPATH% C:\pixi_ws\.pixi\envs\default\python.exe -W ignore:setup.py install is deprecated setup.py egg_info --egg-base ..\..\build\firescout_robot build --build-base C:\FireScout_ROS\build\firescout_robot\build install --record C:\FireScout_ROS\build\firescout_robot\install.log --single-version-externally-managed install_data
[10.235s] running egg_info
[10.344s] writing ..\..\build\firescout_robot\firescout_robot.egg-info\PKG-INFO
[10.344s] writing dependency_links to ..\..\build\firescout_robot\firescout_robot.egg-info\dependency_links.txt
[10.344s] writing entry points to ..\..\build\firescout_robot\firescout_robot.egg-info\entry_points.txt
[10.344s] writing requirements to ..\..\build\firescout_robot\firescout_robot.egg-info\requires.txt
[10.344s] writing top-level names to ..\..\build\firescout_robot\firescout_robot.egg-info\top_level.txt
[10.610s] reading manifest file '..\..\build\firescout_robot\firescout_robot.egg-info\SOURCES.txt'
[10.625s] writing manifest file '..\..\build\firescout_robot\firescout_robot.egg-info\SOURCES.txt'
[10.625s] running build
[10.625s] running build_py
[10.625s] running install
[10.625s] running install_lib
[10.766s] running install_data
[10.766s] running install_egg_info
[10.891s] removing 'C:\FireScout_ROS\install\firescout_robot\Lib\site-packages\firescout_robot-0.0.0-py3.12.egg-info' (and everything under it)
[10.906s] Copying ..\..\build\firescout_robot\firescout_robot.egg-info to C:\FireScout_ROS\install\firescout_robot\Lib\site-packages\firescout_robot-0.0.0-py3.12.egg-info
[10.953s] running install_scripts
[11.781s] Installing arduino_bridge-script.py script to C:\FireScout_ROS\install\firescout_robot\lib\firescout_robot
[11.828s] Installing arduino_bridge.exe script to C:\FireScout_ROS\install\firescout_robot\lib\firescout_robot
[11.844s] Installing fire_decision-script.py script to C:\FireScout_ROS\install\firescout_robot\lib\firescout_robot
[11.844s] Installing fire_decision.exe script to C:\FireScout_ROS\install\firescout_robot\lib\firescout_robot
[11.844s] Installing motor_controller-script.py script to C:\FireScout_ROS\install\firescout_robot\lib\firescout_robot
[11.844s] Installing motor_controller.exe script to C:\FireScout_ROS\install\firescout_robot\lib\firescout_robot
[11.844s] Installing robot_controller-script.py script to C:\FireScout_ROS\install\firescout_robot\lib\firescout_robot
[11.844s] Installing robot_controller.exe script to C:\FireScout_ROS\install\firescout_robot\lib\firescout_robot
[11.844s] Installing robot_state-script.py script to C:\FireScout_ROS\install\firescout_robot\lib\firescout_robot
[11.844s] Installing robot_state.exe script to C:\FireScout_ROS\install\firescout_robot\lib\firescout_robot
[11.860s] Installing robot_status-script.py script to C:\FireScout_ROS\install\firescout_robot\lib\firescout_robot
[11.860s] Installing robot_status.exe script to C:\FireScout_ROS\install\firescout_robot\lib\firescout_robot
[11.860s] Installing sensor_simulator-script.py script to C:\FireScout_ROS\install\firescout_robot\lib\firescout_robot
[11.860s] Installing sensor_simulator.exe script to C:\FireScout_ROS\install\firescout_robot\lib\firescout_robot
[11.860s] Installing web_bridge-script.py script to C:\FireScout_ROS\install\firescout_robot\lib\firescout_robot
[11.860s] Installing web_bridge.exe script to C:\FireScout_ROS\install\firescout_robot\lib\firescout_robot
[11.860s] writing list of installed files to 'C:\FireScout_ROS\build\firescout_robot\install.log'
[11.922s] Invoked command in 'C:\FireScout_ROS\src\firescout_robot' returned '0': PIXI_PROMPT=(pixi_ros2_jazzy) PYTHONPATH=C:\FireScout_ROS\build\firescout_robot\prefix_override;C:\pixi_ws\.pixi\envs\default\Lib\site-packages\colcon_core\task\python\colcon_distutils_commands;C:\FireScout_ROS\install\firescout_robot\Lib\site-packages;%PYTHONPATH% C:\pixi_ws\.pixi\envs\default\python.exe -W ignore:setup.py install is deprecated setup.py egg_info --egg-base ..\..\build\firescout_robot build --build-base C:\FireScout_ROS\build\firescout_robot\build install --record C:\FireScout_ROS\build\firescout_robot\install.log --single-version-externally-managed install_data
