[0.499s] [34mcolcon[0m [1;30mDEBUG[0m [32mCommand line arguments: ['C:\\pixi_ws\\.pixi\\envs\\default\\Scripts\\colcon', 'build', '--packages-select', 'firescout_robot'][0m
[0.499s] [34mcolcon[0m [1;30mDEBUG[0m [32mParsed command line arguments: Namespace(log_base=None, log_level=None, verb_name='build', build_base='build', install_base='install', merge_install=False, symlink_install=False, test_result_base=None, continue_on_error=False, executor='parallel', parallel_workers=12, event_handlers=None, ignore_user_meta=False, metas=['./colcon.meta'], base_paths=['.'], packages_ignore=None, packages_ignore_regex=None, paths=None, packages_up_to=None, packages_up_to_regex=None, packages_above=None, packages_above_and_dependencies=None, packages_above_depth=None, packages_select_by_dep=None, packages_skip_by_dep=None, packages_skip_up_to=None, packages_select_build_failed=False, packages_skip_build_finished=False, packages_select_test_failures=False, packages_skip_test_passed=False, packages_select=['firescout_robot'], packages_skip=None, packages_select_regex=None, packages_skip_regex=None, packages_start=None, packages_end=None, cmake_args=None, cmake_target=None, cmake_target_skip_unavailable=False, cmake_clean_cache=False, cmake_clean_first=False, cmake_force_configure=False, ament_cmake_args=None, catkin_cmake_args=None, catkin_skip_building_tests=False, mixin_files=None, mixin=None, verb_parser=<colcon_mixin.mixin.mixin_argument.MixinArgumentDecorator object at 0x0000028801D32E70>, verb_extension=<colcon_core.verb.build.BuildVerb object at 0x0000028801BC3C50>, main=<bound method BuildVerb.main of <colcon_core.verb.build.BuildVerb object at 0x0000028801BC3C50>>, mixin_verb=('build',))[0m
[0.643s] [34mcolcon.colcon_core.package_discovery[0m [1;30mLevel 1[0m discover_packages(colcon_meta) check parameters
[0.643s] [34mcolcon.colcon_core.package_discovery[0m [1;30mLevel 1[0m discover_packages(recursive) check parameters
[0.643s] [34mcolcon.colcon_core.package_discovery[0m [1;30mLevel 1[0m discover_packages(ignore) check parameters
[0.643s] [34mcolcon.colcon_core.package_discovery[0m [1;30mLevel 1[0m discover_packages(path) check parameters
[0.643s] [34mcolcon.colcon_core.package_discovery[0m [1;30mLevel 1[0m discover_packages(colcon_meta) discover
[0.643s] [34mcolcon.colcon_core.package_discovery[0m [1;30mLevel 1[0m discover_packages(recursive) discover
[0.643s] [34mcolcon.colcon_core.package_discovery[0m [1;30mINFO[0m Crawling recursively for packages in 'C:\FireScout_ROS'
[0.643s] [34mcolcon.colcon_core.package_identification[0m [1;30mLevel 1[0m _identify(.) by extensions ['ignore', 'ignore_ament_install']
[0.643s] [34mcolcon.colcon_core.package_identification[0m [1;30mLevel 1[0m _identify(.) by extension 'ignore'
[0.643s] [34mcolcon.colcon_core.package_identification[0m [1;30mLevel 1[0m _identify(.) by extension 'ignore_ament_install'
[0.643s] [34mcolcon.colcon_core.package_identification[0m [1;30mLevel 1[0m _identify(.) by extensions ['colcon_pkg']
[0.643s] [34mcolcon.colcon_core.package_identification[0m [1;30mLevel 1[0m _identify(.) by extension 'colcon_pkg'
[0.643s] [34mcolcon.colcon_core.package_identification[0m [1;30mLevel 1[0m _identify(.) by extensions ['colcon_meta']
[0.643s] [34mcolcon.colcon_core.package_identification[0m [1;30mLevel 1[0m _identify(.) by extension 'colcon_meta'
[0.643s] [34mcolcon.colcon_core.package_identification[0m [1;30mLevel 1[0m _identify(.) by extensions ['ros']
[0.643s] [34mcolcon.colcon_core.package_identification[0m [1;30mLevel 1[0m _identify(.) by extension 'ros'
[0.682s] [34mcolcon.colcon_core.package_identification[0m [1;30mLevel 1[0m _identify(.) by extensions ['cmake', 'python']
[0.682s] [34mcolcon.colcon_core.package_identification[0m [1;30mLevel 1[0m _identify(.) by extension 'cmake'
[0.682s] [34mcolcon.colcon_core.package_identification[0m [1;30mLevel 1[0m _identify(.) by extension 'python'
[0.682s] [34mcolcon.colcon_core.package_identification[0m [1;30mLevel 1[0m _identify(.) by extensions ['python_setup_py']
[0.682s] [34mcolcon.colcon_core.package_identification[0m [1;30mLevel 1[0m _identify(.) by extension 'python_setup_py'
[0.696s] [34mcolcon.colcon_core.package_identification[0m [1;30mLevel 1[0m _identify(build) by extensions ['ignore', 'ignore_ament_install']
[0.696s] [34mcolcon.colcon_core.package_identification[0m [1;30mLevel 1[0m _identify(build) by extension 'ignore'
[0.696s] [34mcolcon.colcon_core.package_identification[0m [1;30mLevel 1[0m _identify(build) ignored
[0.697s] [34mcolcon.colcon_core.package_identification[0m [1;30mLevel 1[0m _identify(install) by extensions ['ignore', 'ignore_ament_install']
[0.697s] [34mcolcon.colcon_core.package_identification[0m [1;30mLevel 1[0m _identify(install) by extension 'ignore'
[0.697s] [34mcolcon.colcon_core.package_identification[0m [1;30mLevel 1[0m _identify(install) ignored
[0.697s] [34mcolcon.colcon_core.package_identification[0m [1;30mLevel 1[0m _identify(log) by extensions ['ignore', 'ignore_ament_install']
[0.697s] [34mcolcon.colcon_core.package_identification[0m [1;30mLevel 1[0m _identify(log) by extension 'ignore'
[0.697s] [34mcolcon.colcon_core.package_identification[0m [1;30mLevel 1[0m _identify(log) ignored
[0.699s] [34mcolcon.colcon_core.package_identification[0m [1;30mLevel 1[0m _identify(src) by extensions ['ignore', 'ignore_ament_install']
[0.699s] [34mcolcon.colcon_core.package_identification[0m [1;30mLevel 1[0m _identify(src) by extension 'ignore'
[0.699s] [34mcolcon.colcon_core.package_identification[0m [1;30mLevel 1[0m _identify(src) by extension 'ignore_ament_install'
[0.699s] [34mcolcon.colcon_core.package_identification[0m [1;30mLevel 1[0m _identify(src) by extensions ['colcon_pkg']
[0.699s] [34mcolcon.colcon_core.package_identification[0m [1;30mLevel 1[0m _identify(src) by extension 'colcon_pkg'
[0.699s] [34mcolcon.colcon_core.package_identification[0m [1;30mLevel 1[0m _identify(src) by extensions ['colcon_meta']
[0.699s] [34mcolcon.colcon_core.package_identification[0m [1;30mLevel 1[0m _identify(src) by extension 'colcon_meta'
[0.699s] [34mcolcon.colcon_core.package_identification[0m [1;30mLevel 1[0m _identify(src) by extensions ['ros']
[0.699s] [34mcolcon.colcon_core.package_identification[0m [1;30mLevel 1[0m _identify(src) by extension 'ros'
[0.699s] [34mcolcon.colcon_core.package_identification[0m [1;30mLevel 1[0m _identify(src) by extensions ['cmake', 'python']
[0.699s] [34mcolcon.colcon_core.package_identification[0m [1;30mLevel 1[0m _identify(src) by extension 'cmake'
[0.699s] [34mcolcon.colcon_core.package_identification[0m [1;30mLevel 1[0m _identify(src) by extension 'python'
[0.699s] [34mcolcon.colcon_core.package_identification[0m [1;30mLevel 1[0m _identify(src) by extensions ['python_setup_py']
[0.699s] [34mcolcon.colcon_core.package_identification[0m [1;30mLevel 1[0m _identify(src) by extension 'python_setup_py'
[0.699s] [34mcolcon.colcon_core.package_identification[0m [1;30mLevel 1[0m _identify(src\firescout_robot) by extensions ['ignore', 'ignore_ament_install']
[0.699s] [34mcolcon.colcon_core.package_identification[0m [1;30mLevel 1[0m _identify(src\firescout_robot) by extension 'ignore'
[0.699s] [34mcolcon.colcon_core.package_identification[0m [1;30mLevel 1[0m _identify(src\firescout_robot) by extension 'ignore_ament_install'
[0.699s] [34mcolcon.colcon_core.package_identification[0m [1;30mLevel 1[0m _identify(src\firescout_robot) by extensions ['colcon_pkg']
[0.699s] [34mcolcon.colcon_core.package_identification[0m [1;30mLevel 1[0m _identify(src\firescout_robot) by extension 'colcon_pkg'
[0.699s] [34mcolcon.colcon_core.package_identification[0m [1;30mLevel 1[0m _identify(src\firescout_robot) by extensions ['colcon_meta']
[0.699s] [34mcolcon.colcon_core.package_identification[0m [1;30mLevel 1[0m _identify(src\firescout_robot) by extension 'colcon_meta'
[0.699s] [34mcolcon.colcon_core.package_identification[0m [1;30mLevel 1[0m _identify(src\firescout_robot) by extensions ['ros']
[0.699s] [34mcolcon.colcon_core.package_identification[0m [1;30mLevel 1[0m _identify(src\firescout_robot) by extension 'ros'
[0.699s] [34mcolcon.colcon_core.package_identification[0m [1;30mDEBUG[0m [32mPackage 'src\firescout_robot' with type 'ros.ament_python' and name 'firescout_robot'[0m
[0.699s] [34mcolcon.colcon_core.package_discovery[0m [1;30mLevel 1[0m discover_packages(recursive) using defaults
[0.699s] [34mcolcon.colcon_core.package_discovery[0m [1;30mLevel 1[0m discover_packages(ignore) discover
[0.699s] [34mcolcon.colcon_core.package_discovery[0m [1;30mLevel 1[0m discover_packages(ignore) using defaults
[0.699s] [34mcolcon.colcon_core.package_discovery[0m [1;30mLevel 1[0m discover_packages(path) discover
[0.699s] [34mcolcon.colcon_core.package_discovery[0m [1;30mLevel 1[0m discover_packages(path) using defaults
[0.756s] [34mcolcon.colcon_core.verb[0m [1;30mLevel 5[0m set package 'firescout_robot' build argument 'cmake_args' from command line to 'None'
[0.756s] [34mcolcon.colcon_core.verb[0m [1;30mLevel 5[0m set package 'firescout_robot' build argument 'cmake_target' from command line to 'None'
[0.756s] [34mcolcon.colcon_core.verb[0m [1;30mLevel 5[0m set package 'firescout_robot' build argument 'cmake_target_skip_unavailable' from command line to 'False'
[0.756s] [34mcolcon.colcon_core.verb[0m [1;30mLevel 5[0m set package 'firescout_robot' build argument 'cmake_clean_cache' from command line to 'False'
[0.756s] [34mcolcon.colcon_core.verb[0m [1;30mLevel 5[0m set package 'firescout_robot' build argument 'cmake_clean_first' from command line to 'False'
[0.756s] [34mcolcon.colcon_core.verb[0m [1;30mLevel 5[0m set package 'firescout_robot' build argument 'cmake_force_configure' from command line to 'False'
[0.756s] [34mcolcon.colcon_core.verb[0m [1;30mLevel 5[0m set package 'firescout_robot' build argument 'ament_cmake_args' from command line to 'None'
[0.756s] [34mcolcon.colcon_core.verb[0m [1;30mLevel 5[0m set package 'firescout_robot' build argument 'catkin_cmake_args' from command line to 'None'
[0.756s] [34mcolcon.colcon_core.verb[0m [1;30mLevel 5[0m set package 'firescout_robot' build argument 'catkin_skip_building_tests' from command line to 'False'
[0.757s] [34mcolcon.colcon_core.verb[0m [1;30mDEBUG[0m [32mBuilding package 'firescout_robot' with the following arguments: {'ament_cmake_args': None, 'build_base': 'C:\\FireScout_ROS\\build\\firescout_robot', 'catkin_cmake_args': None, 'catkin_skip_building_tests': False, 'cmake_args': None, 'cmake_clean_cache': False, 'cmake_clean_first': False, 'cmake_force_configure': False, 'cmake_target': None, 'cmake_target_skip_unavailable': False, 'install_base': 'C:\\FireScout_ROS\\install\\firescout_robot', 'merge_install': False, 'path': 'C:\\FireScout_ROS\\src\\firescout_robot', 'symlink_install': False, 'test_result_base': None}[0m
[0.757s] [34mcolcon.colcon_core.executor[0m [1;30mINFO[0m Executing jobs using 'parallel' executor
[0.759s] [34mcolcon.colcon_parallel_executor.executor.parallel[0m [1;30mDEBUG[0m [32mrun_until_complete[0m
[0.759s] [34mcolcon.colcon_ros.task.ament_python.build[0m [1;30mINFO[0m Building ROS package in 'C:\FireScout_ROS\src\firescout_robot' with build type 'ament_python'
[0.759s] [34mcolcon.colcon_core.shell[0m [1;30mLevel 1[0m create_environment_hook('firescout_robot', 'ament_prefix_path')
[0.763s] [34mcolcon.colcon_core.plugin_system[0m [1;30mINFO[0m Skipping extension 'colcon_core.shell.sh': Not used on Windows systems
[0.765s] [34mcolcon.colcon_core.shell[0m [1;30mINFO[0m Creating environment hook 'C:\FireScout_ROS\install\firescout_robot\share\firescout_robot\hook\ament_prefix_path.ps1'
[0.767s] [34mcolcon.colcon_core.shell[0m [1;30mINFO[0m Creating environment hook 'C:\FireScout_ROS\install\firescout_robot\share\firescout_robot\hook\ament_prefix_path.bat'
[0.768s] [34mcolcon.colcon_core.shell[0m [1;30mINFO[0m Creating environment descriptor 'C:\FireScout_ROS\install\firescout_robot\share\firescout_robot\hook\ament_prefix_path.dsv'
[0.768s] [34mcolcon.colcon_ros_domain_id_coordinator.shell.ros_domain_id[0m [1;30mDEBUG[0m [32mAllocated ROS_DOMAIN_ID=156 for 'C:\FireScout_ROS\build\firescout_robot'[0m
[0.768s] [34mcolcon.colcon_core.shell[0m [1;30mINFO[0m Skip shell extension 'ros_domain_id' for command environment: 
[0.768s] [34mcolcon.colcon_core.shell[0m [1;30mINFO[0m Skip shell extension 'powershell' for command environment: Not usable outside of PowerShell
[1.477s] [34mcolcon.colcon_core.task.python.build[0m [1;30mINFO[0m Building Python package in 'C:\FireScout_ROS\src\firescout_robot'
[1.477s] [34mcolcon.colcon_ros_domain_id_coordinator.shell.ros_domain_id[0m [1;30mDEBUG[0m [32mAllocated ROS_DOMAIN_ID=156 for 'C:\FireScout_ROS\build\firescout_robot'[0m
[1.477s] [34mcolcon.colcon_core.shell[0m [1;30mINFO[0m Skip shell extension 'ros_domain_id' for command environment: 
[1.477s] [34mcolcon.colcon_core.shell[0m [1;30mINFO[0m Skip shell extension 'powershell' for command environment: Not usable outside of PowerShell
[3.098s] [34mcolcon.colcon_core.event_handler.log_command[0m [1;30mDEBUG[0m [32mInvoking command in 'C:\FireScout_ROS\src\firescout_robot': PIXI_PROMPT=(pixi_ros2_jazzy) PYTHONPATH=C:\FireScout_ROS\build\firescout_robot\prefix_override;C:\pixi_ws\.pixi\envs\default\Lib\site-packages\colcon_core\task\python\colcon_distutils_commands;C:\FireScout_ROS\install\firescout_robot\Lib\site-packages;%PYTHONPATH% C:\pixi_ws\.pixi\envs\default\python.exe -W ignore:setup.py install is deprecated setup.py egg_info --egg-base ..\..\build\firescout_robot build --build-base C:\FireScout_ROS\build\firescout_robot\build install --record C:\FireScout_ROS\build\firescout_robot\install.log --single-version-externally-managed install_data[0m
[4.574s] [34mcolcon.colcon_core.event_handler.log_command[0m [1;30mDEBUG[0m [32mInvoked command in 'C:\FireScout_ROS\src\firescout_robot' returned '1': PIXI_PROMPT=(pixi_ros2_jazzy) PYTHONPATH=C:\FireScout_ROS\build\firescout_robot\prefix_override;C:\pixi_ws\.pixi\envs\default\Lib\site-packages\colcon_core\task\python\colcon_distutils_commands;C:\FireScout_ROS\install\firescout_robot\Lib\site-packages;%PYTHONPATH% C:\pixi_ws\.pixi\envs\default\python.exe -W ignore:setup.py install is deprecated setup.py egg_info --egg-base ..\..\build\firescout_robot build --build-base C:\FireScout_ROS\build\firescout_robot\build install --record C:\FireScout_ROS\build\firescout_robot\install.log --single-version-externally-managed install_data[0m
[4.574s] [34mcolcon.colcon_ros_domain_id_coordinator.shell.ros_domain_id[0m [1;30mDEBUG[0m [32mReleased ROS_DOMAIN_ID=156 for 'C:\FireScout_ROS\build\firescout_robot'[0m
[4.583s] [34mcolcon.colcon_parallel_executor.executor.parallel[0m [1;30mDEBUG[0m [32mrun_until_complete finished with '1'[0m
[4.583s] [34mcolcon.colcon_core.event_reactor[0m [1;30mDEBUG[0m [32mjoining thread[0m
[4.583s] [34mcolcon.colcon_core.event_reactor[0m [1;30mDEBUG[0m [32mjoined thread[0m
[4.585s] [34mcolcon.colcon_core.shell[0m [1;30mINFO[0m Creating prefix script 'C:\FireScout_ROS\install\local_setup.ps1'
[4.586s] [34mcolcon.colcon_core.shell[0m [1;30mINFO[0m Creating prefix util module 'C:\FireScout_ROS\install\_local_setup_util_ps1.py'
[4.588s] [34mcolcon.colcon_core.shell[0m [1;30mINFO[0m Creating prefix chain script 'C:\FireScout_ROS\install\setup.ps1'
[4.590s] [34mcolcon.colcon_core.shell[0m [1;30mINFO[0m Creating prefix script 'C:\FireScout_ROS\install\local_setup.bat'
[4.594s] [34mcolcon.colcon_core.shell[0m [1;30mINFO[0m Creating prefix util module 'C:\FireScout_ROS\install\_local_setup_util_bat.py'
[4.595s] [34mcolcon.colcon_core.shell[0m [1;30mINFO[0m Creating prefix chain script 'C:\FireScout_ROS\install\setup.bat'
