[9.391s] Invoking command in 'C:\FireScout_ROS\src\firescout_robot': PIXI_PROMPT=(pixi_ros2_jazzy) PYTHONPATH=C:\FireScout_ROS\build\firescout_robot\prefix_override;C:\pixi_ws\.pixi\envs\default\Lib\site-packages\colcon_core\task\python\colcon_distutils_commands;C:\FireScout_ROS\install\firescout_robot\Lib\site-packages;%PYTHONPATH% C:\pixi_ws\.pixi\envs\default\python.exe -W ignore:setup.py install is deprecated setup.py egg_info --egg-base ..\..\build\firescout_robot build --build-base C:\FireScout_ROS\build\firescout_robot\build install --record C:\FireScout_ROS\build\firescout_robot\install.log --single-version-externally-managed install_data
[11.297s] running egg_info
[11.422s] writing ..\..\build\firescout_robot\firescout_robot.egg-info\PKG-INFO
[11.438s] writing dependency_links to ..\..\build\firescout_robot\firescout_robot.egg-info\dependency_links.txt
[11.438s] writing entry points to ..\..\build\firescout_robot\firescout_robot.egg-info\entry_points.txt
[11.438s] writing requirements to ..\..\build\firescout_robot\firescout_robot.egg-info\requires.txt
[11.438s] writing top-level names to ..\..\build\firescout_robot\firescout_robot.egg-info\top_level.txt
[11.735s] reading manifest file '..\..\build\firescout_robot\firescout_robot.egg-info\SOURCES.txt'
[11.766s] writing manifest file '..\..\build\firescout_robot\firescout_robot.egg-info\SOURCES.txt'
[11.766s] running build
[11.766s] running build_py
[11.766s] copying firescout_robot\motor_controller.py -> C:\FireScout_ROS\build\firescout_robot\build\lib\firescout_robot
[11.766s] copying firescout_robot\web_bridge.py -> C:\FireScout_ROS\build\firescout_robot\build\lib\firescout_robot
[11.781s] running install
[11.781s] running install_lib
[11.906s] copying C:\FireScout_ROS\build\firescout_robot\build\lib\firescout_robot\motor_controller.py -> C:\FireScout_ROS\install\firescout_robot\Lib\site-packages\firescout_robot
[11.906s] copying C:\FireScout_ROS\build\firescout_robot\build\lib\firescout_robot\web_bridge.py -> C:\FireScout_ROS\install\firescout_robot\Lib\site-packages\firescout_robot
[11.922s] byte-compiling C:\FireScout_ROS\install\firescout_robot\Lib\site-packages\firescout_robot\motor_controller.py to motor_controller.cpython-312.pyc
[11.922s] byte-compiling C:\FireScout_ROS\install\firescout_robot\Lib\site-packages\firescout_robot\web_bridge.py to web_bridge.cpython-312.pyc
[11.938s] running install_data
[11.938s] running install_egg_info
[12.047s] removing 'C:\FireScout_ROS\install\firescout_robot\Lib\site-packages\firescout_robot-0.0.0-py3.12.egg-info' (and everything under it)
[12.063s] Copying ..\..\build\firescout_robot\firescout_robot.egg-info to C:\FireScout_ROS\install\firescout_robot\Lib\site-packages\firescout_robot-0.0.0-py3.12.egg-info
[12.156s] running install_scripts
[13.000s] Installing fire_decision-script.py script to C:\FireScout_ROS\install\firescout_robot\lib\firescout_robot
[13.063s] Installing fire_decision.exe script to C:\FireScout_ROS\install\firescout_robot\lib\firescout_robot
[13.063s] Installing motor_controller-script.py script to C:\FireScout_ROS\install\firescout_robot\lib\firescout_robot
[13.078s] Installing motor_controller.exe script to C:\FireScout_ROS\install\firescout_robot\lib\firescout_robot
[13.078s] Installing robot_controller-script.py script to C:\FireScout_ROS\install\firescout_robot\lib\firescout_robot
[13.078s] Installing robot_controller.exe script to C:\FireScout_ROS\install\firescout_robot\lib\firescout_robot
[13.078s] Installing robot_state-script.py script to C:\FireScout_ROS\install\firescout_robot\lib\firescout_robot
[13.078s] Installing robot_state.exe script to C:\FireScout_ROS\install\firescout_robot\lib\firescout_robot
[13.078s] Installing robot_status-script.py script to C:\FireScout_ROS\install\firescout_robot\lib\firescout_robot
[13.094s] Installing robot_status.exe script to C:\FireScout_ROS\install\firescout_robot\lib\firescout_robot
[13.094s] Installing sensor_simulator-script.py script to C:\FireScout_ROS\install\firescout_robot\lib\firescout_robot
[13.094s] Installing sensor_simulator.exe script to C:\FireScout_ROS\install\firescout_robot\lib\firescout_robot
[13.094s] Installing web_bridge-script.py script to C:\FireScout_ROS\install\firescout_robot\lib\firescout_robot
[13.094s] Installing web_bridge.exe script to C:\FireScout_ROS\install\firescout_robot\lib\firescout_robot
[13.110s] writing list of installed files to 'C:\FireScout_ROS\build\firescout_robot\install.log'
[13.188s] Invoked command in 'C:\FireScout_ROS\src\firescout_robot' returned '0': PIXI_PROMPT=(pixi_ros2_jazzy) PYTHONPATH=C:\FireScout_ROS\build\firescout_robot\prefix_override;C:\pixi_ws\.pixi\envs\default\Lib\site-packages\colcon_core\task\python\colcon_distutils_commands;C:\FireScout_ROS\install\firescout_robot\Lib\site-packages;%PYTHONPATH% C:\pixi_ws\.pixi\envs\default\python.exe -W ignore:setup.py install is deprecated setup.py egg_info --egg-base ..\..\build\firescout_robot build --build-base C:\FireScout_ROS\build\firescout_robot\build install --record C:\FireScout_ROS\build\firescout_robot\install.log --single-version-externally-managed install_data
