C:\FireScout_ROS\install\firescout_robot\Lib\site-packages\firescout_robot\aim_controller.py
C:\FireScout_ROS\install\firescout_robot\Lib\site-packages\firescout_robot\arduino_bridge.py
C:\FireScout_ROS\install\firescout_robot\Lib\site-packages\firescout_robot\extinguisher_controller.py
C:\FireScout_ROS\install\firescout_robot\Lib\site-packages\firescout_robot\fire_decision.py
C:\FireScout_ROS\install\firescout_robot\Lib\site-packages\firescout_robot\fire_detector_node.py
C:\FireScout_ROS\install\firescout_robot\Lib\site-packages\firescout_robot\fire_response.py
C:\FireScout_ROS\install\firescout_robot\Lib\site-packages\firescout_robot\motor_controller.py
C:\FireScout_ROS\install\firescout_robot\Lib\site-packages\firescout_robot\robot_controller.py
C:\FireScout_ROS\install\firescout_robot\Lib\site-packages\firescout_robot\robot_state.py
C:\FireScout_ROS\install\firescout_robot\Lib\site-packages\firescout_robot\robot_status.py
C:\FireScout_ROS\install\firescout_robot\Lib\site-packages\firescout_robot\sensor_simulator.py
C:\FireScout_ROS\install\firescout_robot\Lib\site-packages\firescout_robot\web_bridge.py
C:\FireScout_ROS\install\firescout_robot\Lib\site-packages\firescout_robot\__init__.py
C:\FireScout_ROS\install\firescout_robot\Lib\site-packages\firescout_robot\__pycache__\aim_controller.cpython-312.pyc
C:\FireScout_ROS\install\firescout_robot\Lib\site-packages\firescout_robot\__pycache__\arduino_bridge.cpython-312.pyc
C:\FireScout_ROS\install\firescout_robot\Lib\site-packages\firescout_robot\__pycache__\extinguisher_controller.cpython-312.pyc
C:\FireScout_ROS\install\firescout_robot\Lib\site-packages\firescout_robot\__pycache__\fire_decision.cpython-312.pyc
C:\FireScout_ROS\install\firescout_robot\Lib\site-packages\firescout_robot\__pycache__\fire_detector_node.cpython-312.pyc
C:\FireScout_ROS\install\firescout_robot\Lib\site-packages\firescout_robot\__pycache__\fire_response.cpython-312.pyc
C:\FireScout_ROS\install\firescout_robot\Lib\site-packages\firescout_robot\__pycache__\motor_controller.cpython-312.pyc
C:\FireScout_ROS\install\firescout_robot\Lib\site-packages\firescout_robot\__pycache__\robot_controller.cpython-312.pyc
C:\FireScout_ROS\install\firescout_robot\Lib\site-packages\firescout_robot\__pycache__\robot_state.cpython-312.pyc
C:\FireScout_ROS\install\firescout_robot\Lib\site-packages\firescout_robot\__pycache__\robot_status.cpython-312.pyc
C:\FireScout_ROS\install\firescout_robot\Lib\site-packages\firescout_robot\__pycache__\sensor_simulator.cpython-312.pyc
C:\FireScout_ROS\install\firescout_robot\Lib\site-packages\firescout_robot\__pycache__\web_bridge.cpython-312.pyc
C:\FireScout_ROS\install\firescout_robot\Lib\site-packages\firescout_robot\__pycache__\__init__.cpython-312.pyc
C:\FireScout_ROS\install\firescout_robot\share\ament_index\resource_index\packages\firescout_robot
C:\FireScout_ROS\install\firescout_robot\share\firescout_robot\package.xml
C:\FireScout_ROS\install\firescout_robot\Lib\site-packages\firescout_robot-0.0.0-py3.12.egg-info\dependency_links.txt
C:\FireScout_ROS\install\firescout_robot\Lib\site-packages\firescout_robot-0.0.0-py3.12.egg-info\entry_points.txt
C:\FireScout_ROS\install\firescout_robot\Lib\site-packages\firescout_robot-0.0.0-py3.12.egg-info\PKG-INFO
C:\FireScout_ROS\install\firescout_robot\Lib\site-packages\firescout_robot-0.0.0-py3.12.egg-info\requires.txt
C:\FireScout_ROS\install\firescout_robot\Lib\site-packages\firescout_robot-0.0.0-py3.12.egg-info\SOURCES.txt
C:\FireScout_ROS\install\firescout_robot\Lib\site-packages\firescout_robot-0.0.0-py3.12.egg-info\top_level.txt
C:\FireScout_ROS\install\firescout_robot\Lib\site-packages\firescout_robot-0.0.0-py3.12.egg-info\zip-safe
C:\FireScout_ROS\install\firescout_robot\lib\firescout_robot\aim_controller-script.py
C:\FireScout_ROS\install\firescout_robot\lib\firescout_robot\aim_controller.exe
C:\FireScout_ROS\install\firescout_robot\lib\firescout_robot\arduino_bridge-script.py
C:\FireScout_ROS\install\firescout_robot\lib\firescout_robot\arduino_bridge.exe
C:\FireScout_ROS\install\firescout_robot\lib\firescout_robot\extinguisher_controller-script.py
C:\FireScout_ROS\install\firescout_robot\lib\firescout_robot\extinguisher_controller.exe
C:\FireScout_ROS\install\firescout_robot\lib\firescout_robot\fire_decision-script.py
C:\FireScout_ROS\install\firescout_robot\lib\firescout_robot\fire_decision.exe
C:\FireScout_ROS\install\firescout_robot\lib\firescout_robot\fire_detector-script.py
C:\FireScout_ROS\install\firescout_robot\lib\firescout_robot\fire_detector.exe
C:\FireScout_ROS\install\firescout_robot\lib\firescout_robot\fire_response-script.py
C:\FireScout_ROS\install\firescout_robot\lib\firescout_robot\fire_response.exe
C:\FireScout_ROS\install\firescout_robot\lib\firescout_robot\motor_controller-script.py
C:\FireScout_ROS\install\firescout_robot\lib\firescout_robot\motor_controller.exe
C:\FireScout_ROS\install\firescout_robot\lib\firescout_robot\robot_controller-script.py
C:\FireScout_ROS\install\firescout_robot\lib\firescout_robot\robot_controller.exe
C:\FireScout_ROS\install\firescout_robot\lib\firescout_robot\robot_state-script.py
C:\FireScout_ROS\install\firescout_robot\lib\firescout_robot\robot_state.exe
C:\FireScout_ROS\install\firescout_robot\lib\firescout_robot\robot_status-script.py
C:\FireScout_ROS\install\firescout_robot\lib\firescout_robot\robot_status.exe
C:\FireScout_ROS\install\firescout_robot\lib\firescout_robot\sensor_simulator-script.py
C:\FireScout_ROS\install\firescout_robot\lib\firescout_robot\sensor_simulator.exe
C:\FireScout_ROS\install\firescout_robot\lib\firescout_robot\web_bridge-script.py
C:\FireScout_ROS\install\firescout_robot\lib\firescout_robot\web_bridge.exe
